{
  "__class__": "Developer",
  "name": "Pedro",
  "yearsInTheCompany": 3
}