[[User(id=1, name=gabriel), User(id=2, name=andres), User(id=3, name=miguel)]]