{
  "__class__": "Request",
  "isSuccess": false,
  "networkError": {
    "__class__": "NotFound"
  }
}