{
  "__class__": "BadRequest",
  "error": "Body is required."
}