{
  "__class__": "Developer",
  "name": "Sergio",
  "yearsInTheCompany": 2
}