{
  "__class__": "UserWithOptionalName",
  "id": 1
}