{
  "__class__": "TestObject",
  "list": [
    "item1",
    "item2"
  ]
}