{
  "__class__": "LocalDate",
  "year": 2007,
  "month": 12,
  "day": 3
}