{
  "__class__": "Developer",
  "name": "A",
  "yearsInTheCompany": 3
}