{mobile=[Developer(githubStars=3, name=gabriel), Developer(githubStars=3, name=andres), Developer(githubStars=3, name=miguel)], product=[User(id=1, name=gabriel)], sales=[User(id=1, name=ramon)]}