{
  "__class__": "Developer",
  "name": "Toni",
  "yearsInTheCompany": 1
}