Snapshot file does not exist. expected:<[missing_snapshot_2.snap]> but was:<[]>