[Developer(githubStars=3, name=gabriel), Developer(githubStars=3, name=andres), Developer(githubStars=3, name=miguel)]