{
  "__class__": "Pair",
  "first": 1,
  "second": {
    "__class__": "User",
    "id": 1,
    "name": "gabriel"
  }
}