Request(isSuccess=false, networkError=InternalServerError(message=SQLException))