{
  "__class__": "Developer",
  "name": "Davide",
  "yearsInTheCompany": 4
}