{
  "__class__": "User",
  "id": 1,
  "name": "gabriel"
}