{1=User(id=1, name=gabriel), 2=User(id=2, name=andres), 3=User(id=3, name=miguel)}